MPLINK 5.09, LINKER
Linker Map File - Created Wed Mar 05 22:32:55 2025

                                 Section Info
                  Section       Type    Address   Location Size(Bytes)
                ---------  ---------  ---------  ---------  ---------
                   .org_0       code   0x000000    program   0x0000c2
                   .cinit    romdata   0x0000c2    program   0x000002
.config_300001_BUILD/DEFAULT/PRODUCTION/SEC_LED    romdata   0x300001    program   0x000001
.config_300003_BUILD/DEFAULT/PRODUCTION/SEC_LED    romdata   0x300003    program   0x000001
.config_300006_BUILD/DEFAULT/PRODUCTION/SEC_LED    romdata   0x300006    program   0x000001



                              Program Memory Usage 
                               Start         End      
                           ---------   ---------      
                            0x000000    0x0000c3      
                            0x300001    0x300001      
                            0x300003    0x300003      
                            0x300006    0x300006      
            199 out of 33048 program addresses used, program memory utilization is 0%



                              Symbols - Sorted by Name
                     Name    Address   Location    Storage File                     
                ---------  ---------  ---------  --------- ---------                
                   Inicio   0x000004    program     static C:\Users\santi\OneDrive\Escritorio\led\SECUENCIA\secuencia.X\sec_led.asm
                    delay   0x0000a0    program     static C:\Users\santi\OneDrive\Escritorio\led\SECUENCIA\secuencia.X\sec_led.asm
                     loop   0x0000aa    program     static C:\Users\santi\OneDrive\Escritorio\led\SECUENCIA\secuencia.X\sec_led.asm
                    loop1   0x0000a2    program     static C:\Users\santi\OneDrive\Escritorio\led\SECUENCIA\secuencia.X\sec_led.asm
                    loop2   0x0000a6    program     static C:\Users\santi\OneDrive\Escritorio\led\SECUENCIA\secuencia.X\sec_led.asm
                principal   0x000012    program     static C:\Users\santi\OneDrive\Escritorio\led\SECUENCIA\secuencia.X\sec_led.asm
               secuencia1   0x000018    program     static C:\Users\santi\OneDrive\Escritorio\led\SECUENCIA\secuencia.X\sec_led.asm
               secuencia2   0x000038    program     static C:\Users\santi\OneDrive\Escritorio\led\SECUENCIA\secuencia.X\sec_led.asm
               secuencia3   0x000050    program     static C:\Users\santi\OneDrive\Escritorio\led\SECUENCIA\secuencia.X\sec_led.asm
               secuencia4   0x000068    program     static C:\Users\santi\OneDrive\Escritorio\led\SECUENCIA\secuencia.X\sec_led.asm
               secuencia5   0x000088    program     static C:\Users\santi\OneDrive\Escritorio\led\SECUENCIA\secuencia.X\sec_led.asm



                              Symbols - Sorted by Address
                     Name    Address   Location    Storage File                     
                ---------  ---------  ---------  --------- ---------                
                   Inicio   0x000004    program     static C:\Users\santi\OneDrive\Escritorio\led\SECUENCIA\secuencia.X\sec_led.asm
                principal   0x000012    program     static C:\Users\santi\OneDrive\Escritorio\led\SECUENCIA\secuencia.X\sec_led.asm
               secuencia1   0x000018    program     static C:\Users\santi\OneDrive\Escritorio\led\SECUENCIA\secuencia.X\sec_led.asm
               secuencia2   0x000038    program     static C:\Users\santi\OneDrive\Escritorio\led\SECUENCIA\secuencia.X\sec_led.asm
               secuencia3   0x000050    program     static C:\Users\santi\OneDrive\Escritorio\led\SECUENCIA\secuencia.X\sec_led.asm
               secuencia4   0x000068    program     static C:\Users\santi\OneDrive\Escritorio\led\SECUENCIA\secuencia.X\sec_led.asm
               secuencia5   0x000088    program     static C:\Users\santi\OneDrive\Escritorio\led\SECUENCIA\secuencia.X\sec_led.asm
                    delay   0x0000a0    program     static C:\Users\santi\OneDrive\Escritorio\led\SECUENCIA\secuencia.X\sec_led.asm
                    loop1   0x0000a2    program     static C:\Users\santi\OneDrive\Escritorio\led\SECUENCIA\secuencia.X\sec_led.asm
                    loop2   0x0000a6    program     static C:\Users\santi\OneDrive\Escritorio\led\SECUENCIA\secuencia.X\sec_led.asm
                     loop   0x0000aa    program     static C:\Users\santi\OneDrive\Escritorio\led\SECUENCIA\secuencia.X\sec_led.asm


