Microchip MPLAB XC8 Compiler V3.00

Linker command line:

-W-3 \
  --edf=C:\Program Files\Microchip\xc8\v3.00\pic\dat\20241204225717_en.msgs \
  -cn -h+dist/default/production\estacion.X.production.sym \
  --cmf=dist/default/production\estacion.X.production.cmf -z -Q18F4550 \
  -oC:\Users\milan\AppData\Local\Temp\xcAsef0.\driver_tmp_3.o \
  --defsym=__MPLAB_BUILD=1 --fixupoverflow=error \
  -Mdist/default/production/estacion.X.production.map \
  --md=C:\Users\milan\AppData\Local\Temp\xcAsef0.\driver_tmp_0.dat -E1 \
  -ver=XC8 Compiler -ACODE=00h-07FFFh -ACONST=00h-07FFFh \
  -ASMALLCONST=0800h-08FFhx120 -AMEDIUMCONST=0800h-07FFFh -ACOMRAM=01h-05Fh \
  -AABS1=00h-07FFh -ABIGRAM=01h-07FFh -ARAM=060h-0FFh,0100h-01FFhx7 \
  -ABANK0=060h-0FFh -ABANK1=0100h-01FFh -ABANK2=0200h-02FFh \
  -ABANK3=0300h-03FFh -ABANK4=0400h-04FFh -ABANK5=0500h-05FFh \
  -ABANK6=0600h-06FFh -ABANK7=0700h-07FFh -ASFR=0F60h-0FFFh \
  -ABIGSFR=0F60h-0FFFh -ACONFIG=0300000h-030000Dh -AIDLOC=0200000h-0200007h \
  -AEEDATA=0F00000h-0F000FFh -peeprom_data=EEDATA \
  -preset_vec=00h,intcode=8h,intcodelo=18h,sivt_lo,sivt_hi=CODE \
  -ppowerup=CODE,init -pramtop=0800h -psmallconst=SMALLCONST \
  -pmediumconst=MEDIUMCONST -pconst=CONST -AFARRAM=00h-00h \
  -prdata=COMRAM,nvrram=COMRAM,nvbit=COMRAM,rbss=COMRAM,rbit=COMRAM \
  -pfarbss=FARRAM,fardata=FARRAM,nvFARRAM=FARRAM \
  -pintsave_regs=BIGRAM,bigbss=BIGRAM,bigdata=BIGRAM -pbss=RAM \
  -pidata=CODE,irdata=CODE,ibigdata=CODE,ifardata=CODE -prparam=COMRAM \
  C:\Users\milan\AppData\Local\Temp\xcAsef0.\driver_tmp_14.o \
  dist/default/production\estacion.X.production.o 

Object code version is 3.11

Machine type is 18F4550



                Name                               Link     Load   Length Selector   Space Scale
C:\Users\milan\AppData\Local\Temp\xcAsef0.\driver_tmp_14.o
                idloc                            200000   200000        8        0       5
                config                           300000   300000        E        0       4
                init                                  E        E        4        4       0
                reset_vec                             0        0        4        0       0
dist/default/production\estacion.X.production.o
                intcode                               8        8        6        4       0
                idloc                            200000   200000        8        0       5
                config                           300000   300000        E        0       4
                temp                                 4F       4F        1        1       1
                smallconst                          800      800       6E      400       0
                text41                             1F6C     1F6C       54      437       0
                text40                             2234     2234       18      437       0
                text39                             1F18     1F18       54      437       0
                text38                             1E12     1E12       5E      437       0
                text37                             20C6     20C6       3A      437       0
                intcode_body                       14C6     14C6      102      437       0
                text35                             1EC4     1EC4       54      437       0
                text34                             216E     216E       32      437       0
                text33                             21F6     21F6       26      437       0
                text32                             2138     2138       36      437       0
                text31                             2280     2280        8      437       0
                text30                             2278     2278        8      437       0
                text29                             2270     2270        8      437       0
                text28                             2262     2262        E      437       0
                text27                             1BDC     1BDC       82      437       0
                text26                              86E      86E      4B6      437       0
                text25                              D24      D24      390      437       0
                text24                             13C0     13C0      106      437       0
                text23                             10B4     10B4      1B4      437       0
                text22                             1ABE     1ABE       94      437       0
                text21                             221C     221C       18      437       0
                text20                             1E70     1E70       54      437       0
                text19                             1DB4     1DB4       5E      437       0
                text18                             208C     208C       3A      437       0
                text17                             224C     224C       16      437       0
                text16                             1896     1896       DA      437       0
                text15                             1A1A     1A1A       A4      437       0
                text14                             1CDC     1CDC       74      437       0
                text13                             1D50     1D50       64      437       0
                text12                             2288     2288        2      437       0
                text11                             1970     1970       AA      437       0
                text10                             2050     2050       3C      437       0
                text9                              1B52     1B52       8A      437       0
                text8                              17BA     17BA       DC      437       0
                text7                              1268     1268      158      437       0
                text6                              2012     2012       3E      437       0
                text5                              2100     2100       38      437       0
                text4                              1C5E     1C5E       7E      437       0
                text3                              1FC0     1FC0       52      437       0
                text2                              15C8     15C8      100      437       0
                text1                              21A0     21A0       30      437       0
                text0                              16C8     16C8       F2      437       0
                cstackCOMRAM                          1        1       47        1       1
                cstackBANK0                          60       60       36       60       1
                bssBANK0                             96       96       20       60       1
                bssCOMRAM                            48       48        7        1       1
                cinit                              21D0     21D0       26      437       0

TOTAL           Name                               Link     Load   Length     Space
        CLASS   CODE           
                intcode                               8        8        6         0
                init                                  E        E        4         0
                reset_vec                             0        0        4         0
                text41                             1F6C     1F6C       54         0
                text40                             2234     2234       18         0
                text39                             1F18     1F18       54         0
                text38                             1E12     1E12       5E         0
                text37                             20C6     20C6       3A         0
                intcode_body                       14C6     14C6      102         0
                text35                             1EC4     1EC4       54         0
                text34                             216E     216E       32         0
                text33                             21F6     21F6       26         0
                text32                             2138     2138       36         0
                text31                             2280     2280        8         0
                text30                             2278     2278        8         0
                text29                             2270     2270        8         0
                text28                             2262     2262        E         0
                text27                             1BDC     1BDC       82         0
                text26                              86E      86E      4B6         0
                text25                              D24      D24      390         0
                text24                             13C0     13C0      106         0
                text23                             10B4     10B4      1B4         0
                text22                             1ABE     1ABE       94         0
                text21                             221C     221C       18         0
                text20                             1E70     1E70       54         0
                text19                             1DB4     1DB4       5E         0
                text18                             208C     208C       3A         0
                text17                             224C     224C       16         0
                text16                             1896     1896       DA         0
                text15                             1A1A     1A1A       A4         0
                text14                             1CDC     1CDC       74         0
                text13                             1D50     1D50       64         0
                text12                             2288     2288        2         0
                text11                             1970     1970       AA         0
                text10                             2050     2050       3C         0
                text9                              1B52     1B52       8A         0
                text8                              17BA     17BA       DC         0
                text7                              1268     1268      158         0
                text6                              2012     2012       3E         0
                text5                              2100     2100       38         0
                text4                              1C5E     1C5E       7E         0
                text3                              1FC0     1FC0       52         0
                text2                              15C8     15C8      100         0
                text1                              21A0     21A0       30         0
                text0                              16C8     16C8       F2         0
                cinit                              21D0     21D0       26         0

        CLASS   CONST          

        CLASS   SMALLCONST     
                smallconst                          800      800       6E         0

        CLASS   MEDIUMCONST    

        CLASS   COMRAM         
                temp                                 4F       4F        1         1
                cstackCOMRAM                          1        1       47         1
                bssCOMRAM                            48       48        7         1

        CLASS   ABS1           

        CLASS   BIGRAM         

        CLASS   RAM            

        CLASS   BANK0          
                cstackBANK0                          60       60       36         1
                bssBANK0                             96       96       20         1

        CLASS   BANK1          

        CLASS   BANK2          

        CLASS   BANK3          

        CLASS   BANK4          

        CLASS   BANK5          

        CLASS   BANK6          

        CLASS   BANK7          

        CLASS   SFR            

        CLASS   BIGSFR         

        CLASS   CONFIG         
                config                           300000   300000        E         4

        CLASS   IDLOC          
                idloc                            200000   200000        8         5

        CLASS   EEDATA         

        CLASS   FARRAM         

        CLASS   HEAP           

        CLASS   STACK          



SEGMENTS        Name                           Load    Length   Top    Selector   Space  Class

                reset_vec                      000000  000004  000004         0       0  CODE    
                cstackCOMRAM                   000001  00004F  000050         1       1  COMRAM  
                intcode                        000008  00000A  000012         4       0  CODE    
                cstackBANK0                    000060  000056  0000B6        60       1  BANK0   
                smallconst                     000800  00006E  00086E       400       0  SMALLCON
                text26                         00086E  001A1C  00228A       437       0  CODE    


UNUSED ADDRESS RANGES

        Name                Unused          Largest block    Delta
        BANK0            0000B6-0000FF               4A
        BANK1            000100-0001FF              100
        BANK2            000200-0002FF              100
        BANK3            000300-0003FF              100
        BANK4            000400-0004FF              100
        BANK5            000500-0005FF              100
        BANK6            000600-0006FF              100
        BANK7            000700-0007FF              100
        BIGRAM           000050-00005F               10
                         0000B6-0007FF              74A
        BIGSFR           000F60-000FFF               A0
        CODE             000004-000007                4
                         000012-0007FF              7EE
                         00228A-007FFF             5D76
        COMRAM           000050-00005F               10
        CONST            000004-000007                4
                         000012-0007FF              7EE
                         00228A-007FFF             5D76
        EEDATA           F00000-F000FF              100
        MEDIUMCONST      00228A-007FFF             5D76
        RAM              0000B6-0007FF              100
        SFR              000F60-000FFF               A0
        SMALLCONST       00228A-007FFF              100

                                  Symbol Table

?_I2C_Master_Read                 cstackCOMRAM 000012
?___fladd                         cstackCOMRAM 000038
?___fldiv                         cstackCOMRAM 00001F
?___fltol                         cstackCOMRAM 000011
?___lwdiv                         cstackCOMRAM 000011
?___lwmod                         cstackCOMRAM 000011
?___xxtofl                        cstackCOMRAM 000011
?_read_prec_or_width              cstackCOMRAM 000011
?_sprintf                         cstackCOMRAM 00003A
?_vfprintf                        cstackCOMRAM 000036
BCD2DEC@val                       cstackCOMRAM 000012
DHT11_GetTemperature@data         cstackCOMRAM 000017
DHT11_GetTemperature@i            cstackCOMRAM 00001E
DHT11_GetTemperature@timeout      cstackCOMRAM 00001C
DHT11_Read@data                   cstackCOMRAM 000011
DHT11_Read@i                      cstackCOMRAM 000012
I2C_Master_Read@a                 cstackCOMRAM 000012
I2C_Master_Read@temp              cstackCOMRAM 000014
I2C_Master_Write@d                cstackCOMRAM 000012
ISR@comando                       cstackCOMRAM 000010
LCD_Char@dat                      cstackCOMRAM 000012
LCD_Command@cmd                   cstackCOMRAM 000012
LCD_String@msg                    cstackCOMRAM 000013
LCD_String_xy@location            cstackCOMRAM 000019
LCD_String_xy@msg                 cstackCOMRAM 000016
LCD_String_xy@pos                 cstackCOMRAM 000015
LCD_String_xy@row                 cstackCOMRAM 000018
RTC_GetDateTime@day               cstackCOMRAM 000019
RTC_GetDateTime@hour              cstackCOMRAM 000016
RTC_GetDateTime@min               cstackCOMRAM 000017
RTC_GetDateTime@month             cstackCOMRAM 00001A
RTC_GetDateTime@sec               cstackCOMRAM 000018
RTC_GetDateTime@year              cstackCOMRAM 00001B
RTC_Init@sec                      cstackCOMRAM 000017
USART_Init@baud_rate              cstackBANK0  000060
USART_Init@temp                   cstackBANK0  000064
_ACKDT                            (abs)        007E2D
_ACKEN                            (abs)        007E2C
_ACKSTAT                          (abs)        007E2E
_BCD2DEC                          text17       00224C
_CREN                             (abs)        007D5C
_DHT11_GetTemperature             text2        0015C8
_DHT11_Read                       text3        001FC0
_I2C_Master_Read                  text32       002138
_I2C_Master_RepeatedStart         text31       002280
_I2C_Master_Start                 text30       002278
_I2C_Master_Stop                  text29       002270
_I2C_Master_Wait                  text33       0021F6
_I2C_Master_Write                 text28       002262
_INTCON2bits                      (abs)        000FF1
_INTCON3bits                      (abs)        000FF0
_INTCONbits                       (abs)        000FF2
_ISR                              intcode      000008
_LATAbits                         (abs)        000F89
_LATD                             (abs)        000F8C
_LATD0                            (abs)        007C60
_LATD2                            (abs)        007C62
_LCD_Char                         text20       001E70
_LCD_Clear                        text21       00221C
_LCD_Command                      text35       001EC4
_LCD_Init                         text34       00216E
_LCD_String                       text19       001DB4
_LCD_String_xy                    text18       00208C
_PEN                              (abs)        007E2A
_PIE1bits                         (abs)        000F9D
_PIR1bits                         (abs)        000F9E
_PORTAbits                        (abs)        000F80
_PORTBbits                        (abs)        000F81
_RCEN                             (abs)        007E2B
_RCIF                             (abs)        007CF5
_RCREG                            (abs)        000FAE
_RCSTA                            (abs)        000FAB
_RCSTAbits                        (abs)        000FAB
_RSEN                             (abs)        007E29
_RTC_GetDateTime                  text16       001896
_RTC_Init                         text27       001BDC
_SEN                              (abs)        007E28
_SPBRG                            (abs)        000FAF
_SSPADD                           (abs)        000FC8
_SSPBUF                           (abs)        000FC9
_SSPCON1                          (abs)        000FC6
_SSPCON2                          (abs)        000FC5
_SSPSTAT                          (abs)        000FC7
_TRISAbits                        (abs)        000F92
_TRISB0                           (abs)        007C98
_TRISB1                           (abs)        007C99
_TRISBbits                        (abs)        000F93
_TRISC6                           (abs)        007CA6
_TRISC7                           (abs)        007CA7
_TRISD                            (abs)        000F95
_TXIF                             (abs)        007CF4
_TXREG                            (abs)        000FAD
_TXSTA                            (abs)        000FAC
_USART_Init                       text22       001ABE
__HRAM                            (abs)        000000
__H__absolute__                   __absolute__ 000000
__Habs1                           abs1         000000
__Hbank0                          bank0        000000
__Hbank1                          bank1        000000
__Hbank2                          bank2        000000
__Hbank3                          bank3        000000
__Hbank4                          bank4        000000
__Hbank5                          bank5        000000
__Hbank6                          bank6        000000
__Hbank7                          bank7        000000
__Hbigbss                         bigbss       000000
__Hbigdata                        bigdata      000000
__Hbigram                         bigram       000000
__Hbigsfr                         bigsfr       000000
__Hbss                            bss          000000
__HbssBANK0                       bssBANK0     000000
__HbssCOMRAM                      bssCOMRAM    000000
__Hcinit                          cinit        000000
__Hclrtext                        clrtext      000000
__Hcomram                         comram       000000
__Hconfig                         config       30000E
__Hconst                          const        000000
__HcstackBANK0                    cstackBANK0  000000
__HcstackCOMRAM                   cstackCOMRAM 000000
__Hdata                           data         000000
__Heeprom_data                    eeprom_data  000000
__Hfarbss                         farbss       000000
__Hfardata                        fardata      000000
__Hheap                           heap         000000
__Hibigdata                       ibigdata     000000
__Hidata                          idata        000000
__Hidloc                          idloc        200008
__Hifardata                       ifardata     000000
__Hinit                           init         000012
__Hintcode                        intcode      00000E
__Hintcode_body                   intcode_body 000000
__Hintcodelo                      intcodelo    000018
__Hintentry                       intentry     000000
__Hintret                         intret       000000
__Hintsave_regs                   intsave_regs 000000
__Hirdata                         irdata       000000
__Hmediumconst                    mediumconst  000000
__HnvFARRAM                       nvFARRAM     000000
__Hnvbit                          nvbit        000000
__Hnvrram                         nvrram       000000
__Hparam                          rparam       000000
__Hpowerup                        powerup      000000
__Hram                            ram          000000
__Hramtop                         ramtop       000800
__Hrbit                           rbit         000000
__Hrbss                           rbss         000000
__Hrdata                          rdata        000000
__Hreset_vec                      reset_vec    000004
__Hrparam                         rparam       000000
__Hsfr                            sfr          000000
__Hsivt_hi                        sivt_hi      000000
__Hsivt_lo                        sivt_lo      000018
__Hsmallconst                     smallconst   00086E
__Hspace_0                        (abs)        00228A
__Hspace_1                        (abs)        0000B6
__Hspace_2                        (abs)        000000
__Hspace_4                        (abs)        60000E
__Hstack                          stack        000000
__Hstruct                         struct       000000
__Htemp                           temp         000050
__Htext                           text         000000
__Htext0                          text0        000000
__Htext1                          text1        000000
__Htext10                         text10       000000
__Htext11                         text11       000000
__Htext12                         text12       000000
__Htext13                         text13       000000
__Htext14                         text14       000000
__Htext15                         text15       000000
__Htext16                         text16       000000
__Htext17                         text17       000000
__Htext18                         text18       000000
__Htext19                         text19       000000
__Htext2                          text2        000000
__Htext20                         text20       000000
__Htext21                         text21       000000
__Htext22                         text22       000000
__Htext23                         text23       000000
__Htext24                         text24       000000
__Htext25                         text25       000000
__Htext26                         text26       000000
__Htext27                         text27       000000
__Htext28                         text28       000000
__Htext29                         text29       000000
__Htext3                          text3        000000
__Htext30                         text30       000000
__Htext31                         text31       000000
__Htext32                         text32       000000
__Htext33                         text33       000000
__Htext34                         text34       000000
__Htext35                         text35       000000
__Htext37                         text37       000000
__Htext38                         text38       000000
__Htext39                         text39       000000
__Htext4                          text4        000000
__Htext40                         text40       000000
__Htext41                         text41       000000
__Htext5                          text5        000000
__Htext6                          text6        000000
__Htext7                          text7        000000
__Htext8                          text8        000000
__Htext9                          text9        000000
__LRAM                            (abs)        000001
__L__absolute__                   __absolute__ 000000
__Labs1                           abs1         000000
__Lbank0                          bank0        000000
__Lbank1                          bank1        000000
__Lbank2                          bank2        000000
__Lbank3                          bank3        000000
__Lbank4                          bank4        000000
__Lbank5                          bank5        000000
__Lbank6                          bank6        000000
__Lbank7                          bank7        000000
__Lbigbss                         bigbss       000000
__Lbigdata                        bigdata      000000
__Lbigram                         bigram       000000
__Lbigsfr                         bigsfr       000000
__Lbss                            bss          000000
__LbssBANK0                       bssBANK0     000000
__LbssCOMRAM                      bssCOMRAM    000000
__Lcinit                          cinit        000000
__Lclrtext                        clrtext      000000
__Lcomram                         comram       000000
__Lconfig                         config       000000
__Lconst                          const        000000
__LcstackBANK0                    cstackBANK0  000000
__LcstackCOMRAM                   cstackCOMRAM 000000
__Ldata                           data         000000
__Leeprom_data                    eeprom_data  000000
__Lfarbss                         farbss       000000
__Lfardata                        fardata      000000
__Lheap                           heap         000000
__Libigdata                       ibigdata     000000
__Lidata                          idata        000000
__Lidloc                          idloc        000000
__Lifardata                       ifardata     000000
__Linit                           init         00000E
__Lintcode                        intcode      000008
__Lintcode_body                   intcode_body 000000
__Lintcodelo                      intcodelo    000018
__Lintentry                       intentry     000000
__Lintret                         intret       000000
__Lintsave_regs                   intsave_regs 000000
__Lirdata                         irdata       000000
__Lmediumconst                    mediumconst  000000
__LnvFARRAM                       nvFARRAM     000000
__Lnvbit                          nvbit        000000
__Lnvrram                         nvrram       000000
__Lparam                          rparam       000000
__Lpowerup                        powerup      000000
__Lram                            ram          000000
__Lramtop                         ramtop       000800
__Lrbit                           rbit         000000
__Lrbss                           rbss         000000
__Lrdata                          rdata        000000
__Lreset_vec                      reset_vec    000000
__Lrparam                         rparam       000000
__Lsfr                            sfr          000000
__Lsivt_hi                        sivt_hi      000000
__Lsivt_lo                        sivt_lo      000018
__Lsmallconst                     smallconst   000800
__Lspace_0                        (abs)        000000
__Lspace_1                        (abs)        000000
__Lspace_2                        (abs)        000000
__Lspace_4                        (abs)        000000
__Lstack                          stack        000000
__Lstruct                         struct       000000
__Ltemp                           temp         00004F
__Ltext                           text         000000
__Ltext0                          text0        000000
__Ltext1                          text1        000000
__Ltext10                         text10       000000
__Ltext11                         text11       000000
__Ltext12                         text12       000000
__Ltext13                         text13       000000
__Ltext14                         text14       000000
__Ltext15                         text15       000000
__Ltext16                         text16       000000
__Ltext17                         text17       000000
__Ltext18                         text18       000000
__Ltext19                         text19       000000
__Ltext2                          text2        000000
__Ltext20                         text20       000000
__Ltext21                         text21       000000
__Ltext22                         text22       000000
__Ltext23                         text23       000000
__Ltext24                         text24       000000
__Ltext25                         text25       000000
__Ltext26                         text26       000000
__Ltext27                         text27       000000
__Ltext28                         text28       000000
__Ltext29                         text29       000000
__Ltext3                          text3        000000
__Ltext30                         text30       000000
__Ltext31                         text31       000000
__Ltext32                         text32       000000
__Ltext33                         text33       000000
__Ltext34                         text34       000000
__Ltext35                         text35       000000
__Ltext37                         text37       000000
__Ltext38                         text38       000000
__Ltext39                         text39       000000
__Ltext4                          text4        000000
__Ltext40                         text40       000000
__Ltext41                         text41       000000
__Ltext5                          text5        000000
__Ltext6                          text6        000000
__Ltext7                          text7        000000
__Ltext8                          text8        000000
__Ltext9                          text9        000000
__S0                              (abs)        00228A
__S1                              (abs)        0000B6
__S4                              (abs)        000000
__S5                              (abs)        000000
___fladd                          text26       00086E
___fladd@a                        cstackCOMRAM 00003C
___fladd@aexp                     cstackCOMRAM 000045
___fladd@b                        cstackCOMRAM 000038
___fladd@bexp                     cstackCOMRAM 000046
___fladd@grs                      cstackCOMRAM 000047
___fladd@signs                    cstackCOMRAM 000044
___fldiv                          text25       000D24
___fldiv@a                        cstackCOMRAM 000023
___fldiv@aexp                     cstackCOMRAM 000037
___fldiv@b                        cstackCOMRAM 00001F
___fldiv@bexp                     cstackCOMRAM 000036
___fldiv@grs                      cstackCOMRAM 000032
___fldiv@new_exp                  cstackCOMRAM 000030
___fldiv@rem                      cstackCOMRAM 00002B
___fldiv@sign                     cstackCOMRAM 00002F
___fltol                          text24       0013C0
___fltol@exp1                     cstackCOMRAM 00001A
___fltol@f1                       cstackCOMRAM 000011
___fltol@sign1                    cstackCOMRAM 000019
___heap_hi                        (abs)        000000
___heap_lo                        (abs)        000000
___inthi_sp                       stack        000000
___inthi_stack_hi                 stack        000000
___inthi_stack_lo                 stack        000000
___intlo_sp                       stack        000000
___intlo_stack_hi                 stack        000000
___intlo_stack_lo                 stack        000000
___lwdiv                          text14       001CDC
___lwdiv@counter                  cstackCOMRAM 000015
___lwdiv@dividend                 cstackCOMRAM 000011
___lwdiv@divisor                  cstackCOMRAM 000013
___lwdiv@quotient                 cstackCOMRAM 000016
___lwmod                          text13       001D50
___lwmod@counter                  cstackCOMRAM 000015
___lwmod@dividend                 cstackCOMRAM 000011
___lwmod@divisor                  cstackCOMRAM 000013
___param_bank                     (abs)        000000
___rparam_used                    (abs)        000001
___sp                             stack        000000
___stack_hi                       stack        000000
___stack_lo                       stack        000000
___xxtofl                         text23       0010B4
___xxtofl@arg                     cstackCOMRAM 00001B
___xxtofl@exp                     cstackCOMRAM 00001A
___xxtofl@sign                    cstackCOMRAM 000019
___xxtofl@val                     cstackCOMRAM 000011
__accesstop                       (abs)        000060
__activetblptr                    (abs)        000002
__end_of_BCD2DEC                  text17       002262
__end_of_DHT11_GetTemperature     text2        0016C8
__end_of_DHT11_Read               text3        002012
__end_of_I2C_Master_Read          text32       00216E
__end_of_I2C_Master_RepeatedStart text31       002288
__end_of_I2C_Master_Start         text30       002280
__end_of_I2C_Master_Stop          text29       002278
__end_of_I2C_Master_Wait          text33       00221C
__end_of_I2C_Master_Write         text28       002270
__end_of_ISR                      intcode_body 0015C8
__end_of_LCD_Char                 text20       001EC4
__end_of_LCD_Clear                text21       002234
__end_of_LCD_Command              text35       001F18
__end_of_LCD_Init                 text34       0021A0
__end_of_LCD_String               text19       001E12
__end_of_LCD_String_xy            text18       0020C6
__end_of_RTC_GetDateTime          text16       001970
__end_of_RTC_Init                 text27       001C5E
__end_of_USART_Init               text22       001B52
__end_of___fladd                  text26       000D24
__end_of___fldiv                  text25       0010B4
__end_of___fltol                  text24       0014C6
__end_of___lwdiv                  text14       001D50
__end_of___lwmod                  text13       001DB4
__end_of___xxtofl                 text23       001268
__end_of__initialization          cinit        0021E8
__end_of_fputc                    text11       001A1A
__end_of_fputs                    text10       00208C
__end_of_main                     text0        0017BA
__end_of_mostrar_rtc              text4        001CDC
__end_of_mostrar_temperatura      text1        0021D0
__end_of_pad                      text9        001BDC
__end_of_putch                    text12       00228A
__end_of_read_prec_or_width       text15       001ABE
__end_of_sprintf                  text5        002138
__end_of_utoa                     text8        001896
__end_of_vfpfcnvrt                text7        0013C0
__end_of_vfprintf                 text6        002050
__end_ofi2_LCD_Char               text39       001F6C
__end_ofi2_LCD_Clear              text40       00224C
__end_ofi2_LCD_Command            text41       001FC0
__end_ofi2_LCD_String             text38       001E70
__end_ofi2_LCD_String_xy          text37       002100
__initialization                  cinit        0021D0
__mediumconst                     smallconst   000800
__pbssBANK0                       bssBANK0     000096
__pbssCOMRAM                      bssCOMRAM    000048
__pcinit                          cinit        0021D0
__pcstackBANK0                    cstackBANK0  000060
__pcstackCOMRAM                   cstackCOMRAM 000001
__pintcode                        intcode      000008
__pintcode_body                   intcode_body 0014C6
__psmallconst                     smallconst   000800
__ptext0                          text0        0016C8
__ptext1                          text1        0021A0
__ptext10                         text10       002050
__ptext11                         text11       001970
__ptext12                         text12       002288
__ptext13                         text13       001D50
__ptext14                         text14       001CDC
__ptext15                         text15       001A1A
__ptext16                         text16       001896
__ptext17                         text17       00224C
__ptext18                         text18       00208C
__ptext19                         text19       001DB4
__ptext2                          text2        0015C8
__ptext20                         text20       001E70
__ptext21                         text21       00221C
__ptext22                         text22       001ABE
__ptext23                         text23       0010B4
__ptext24                         text24       0013C0
__ptext25                         text25       000D24
__ptext26                         text26       00086E
__ptext27                         text27       001BDC
__ptext28                         text28       002262
__ptext29                         text29       002270
__ptext3                          text3        001FC0
__ptext30                         text30       002278
__ptext31                         text31       002280
__ptext32                         text32       002138
__ptext33                         text33       0021F6
__ptext34                         text34       00216E
__ptext35                         text35       001EC4
__ptext37                         text37       0020C6
__ptext38                         text38       001E12
__ptext39                         text39       001F18
__ptext4                          text4        001C5E
__ptext40                         text40       002234
__ptext41                         text41       001F6C
__ptext5                          text5        002100
__ptext6                          text6        002012
__ptext7                          text7        001268
__ptext8                          text8        0017BA
__ptext9                          text9        001B52
__ramtop                          ramtop       000800
__smallconst                      smallconst   000800
_dbuf                             bssBANK0     000096
_estado                           bssCOMRAM    00004D
_flags                            bssCOMRAM    00004C
_fputc                            text11       001970
_fputs                            text10       002050
_main                             text0        0016C8
_mostrar_rtc                      text4        001C5E
_mostrar_temperatura              text1        0021A0
_pad                              text9        001B52
_prec                             bssCOMRAM    00004A
_putch                            text12       002288
_read_prec_or_width               text15       001A1A
_sistema_activo                   bssCOMRAM    00004E
_sprintf                          text5        002100
_utoa                             text8        0017BA
_vfpfcnvrt                        text7        001268
_vfprintf                         text6        002012
_width                            bssCOMRAM    000048
btemp                             temp         00004F
end_of_initialization             cinit        0021E8
fputc@c                           cstackCOMRAM 000011
fputc@fp                          cstackCOMRAM 000013
fputs@c                           cstackCOMRAM 00001B
fputs@fp                          cstackCOMRAM 00001A
fputs@i                           cstackCOMRAM 00001C
fputs@s                           cstackCOMRAM 000019
i2LCD_Char@dat                    cstackCOMRAM 000002
i2LCD_Command@cmd                 cstackCOMRAM 000002
i2LCD_String@msg                  cstackCOMRAM 000003
i2LCD_String_xy@location          cstackCOMRAM 000009
i2LCD_String_xy@msg               cstackCOMRAM 000006
i2LCD_String_xy@pos               cstackCOMRAM 000005
i2LCD_String_xy@row               cstackCOMRAM 000008
i2_LCD_Char                       text39       001F18
i2_LCD_Clear                      text40       002234
i2_LCD_Command                    text41       001F6C
i2_LCD_String                     text38       001E12
i2_LCD_String_xy                  text37       0020C6
int$flags                         temp         00004F
int_func                          intcode_body 0014C6
intlevel0                         text         000000
intlevel1                         text         000000
intlevel2                         text         000000
intlevel3                         text         000000
isa$std                           (abs)        000001
isa$xinst                         (abs)        000000
mostrar_rtc@d                     cstackBANK0  000091
mostrar_rtc@fecha                 cstackBANK0  00006C
mostrar_rtc@h                     cstackBANK0  00008E
mostrar_rtc@hora                  cstackBANK0  00007D
mostrar_rtc@m                     cstackBANK0  00008F
mostrar_rtc@mo                    cstackBANK0  000092
mostrar_rtc@s                     cstackBANK0  000090
mostrar_rtc@y                     cstackBANK0  000093
mostrar_temperatura@buffer        cstackBANK0  00006C
mostrar_temperatura@temp          cstackBANK0  00007C
pad@buf                           cstackCOMRAM 00001F
pad@fp                            cstackCOMRAM 00001E
pad@i                             cstackCOMRAM 000023
pad@p                             cstackCOMRAM 000020
read_prec_or_width@ap             cstackCOMRAM 000012
read_prec_or_width@c              cstackCOMRAM 000015
read_prec_or_width@fmt            cstackCOMRAM 000011
read_prec_or_width@n              cstackCOMRAM 000016
sprintf@ap                        cstackBANK0  000060
sprintf@f                         cstackBANK0  000061
sprintf@fmt                       cstackCOMRAM 00003B
sprintf@s                         cstackCOMRAM 00003A
stackhi                           (abs)        000000
stacklo                           (abs)        000000
start                             init         00000E
start_initialization              cinit        0021D0
ttemp5                            temp         000050
ttemp6                            temp         000053
ttemp7                            temp         000057
utoa@d                            cstackCOMRAM 000026
utoa@fp                           cstackCOMRAM 000025
utoa@i                            cstackCOMRAM 00002B
utoa@p                            cstackCOMRAM 000028
utoa@w                            cstackCOMRAM 000029
vfpfcnvrt@ap                      cstackCOMRAM 00002F
vfpfcnvrt@convarg                 cstackCOMRAM 000030
vfpfcnvrt@cp                      cstackCOMRAM 000035
vfpfcnvrt@done                    cstackCOMRAM 000034
vfpfcnvrt@fmt                     cstackCOMRAM 00002E
vfpfcnvrt@fp                      cstackCOMRAM 00002D
vfprintf@ap                       cstackCOMRAM 000038
vfprintf@cfmt                     cstackCOMRAM 000039
vfprintf@fmt                      cstackCOMRAM 000037
vfprintf@fp                       cstackCOMRAM 000036
wtemp8                            temp         000050


MODULE INFORMATION

Module		Function		Class		Link	Load	Size
USART.c
		_USART_Init    		CODE           	1ABE	0000	148

USART.c estimated size: 148

C:\Program Files\Microchip\xc8\v3.00\pic\sources\c99\common\nf_fputc.c
		_fputc         		CODE           	1970	0000	170

C:\Program Files\Microchip\xc8\v3.00\pic\sources\c99\common\nf_fputc.c estimated size: 170

conjunto.c
		_mostrar_temperatura		CODE           	21A0	0000	48
		_ISR           		CODE           	0008	0000	264
		_main          		CODE           	16C8	0000	242
		_mostrar_rtc   		CODE           	1C5E	0000	126

conjunto.c estimated size: 680

C:\Program Files\Microchip\xc8\v3.00\pic\sources\c99\common\nf_sprintf.c
		_sprintf       		CODE           	2100	0000	56

C:\Program Files\Microchip\xc8\v3.00\pic\sources\c99\common\nf_sprintf.c estimated size: 56

i2c.c
		_I2C_Master_Read		CODE           	2138	0000	54
		_I2C_Master_Wait		CODE           	21F6	0000	38
		_I2C_Master_Stop		CODE           	2270	0000	8
		_I2C_Master_RepeatedStart		CODE           	2280	0000	8
		_I2C_Master_Write		CODE           	2262	0000	14
		_I2C_Master_Start		CODE           	2278	0000	8

i2c.c estimated size: 130

ds1307.c
		_RTC_GetDateTime		CODE           	1896	0000	218
		_RTC_Init      		CODE           	1BDC	0000	130
		_BCD2DEC       		CODE           	224C	0000	22

ds1307.c estimated size: 370

C:\Program Files\Microchip\xc8\v3.00\pic\sources\c99\common\lwmod.c
		___lwmod       		CODE           	1D50	0000	100

C:\Program Files\Microchip\xc8\v3.00\pic\sources\c99\common\lwmod.c estimated size: 100

C:\Program Files\Microchip\xc8\v3.00\pic\sources\c99\common\putch.c
		_putch         		CODE           	2288	0000	2

C:\Program Files\Microchip\xc8\v3.00\pic\sources\c99\common\putch.c estimated size: 2

C:\Program Files\Microchip\xc8\v3.00\pic\sources\c99\common\sprcdiv.c
		___fldiv       		CODE           	0D24	0000	912

C:\Program Files\Microchip\xc8\v3.00\pic\sources\c99\common\sprcdiv.c estimated size: 912

shared
		i2_LCD_Char    		CODE           	1F18	0000	84
		i2_LCD_Clear   		CODE           	2234	0000	24
		i2_LCD_String  		CODE           	1E12	0000	94
		i2_LCD_Command 		CODE           	1F6C	0000	84
		__initialization		CODE           	21D0	0000	24
		i2_LCD_String_xy		CODE           	20C6	0000	58

shared estimated size: 368

C:\Program Files\Microchip\xc8\v3.00\pic\sources\c99\common\xxtofl.c
		___xxtofl      		CODE           	10B4	0000	436

C:\Program Files\Microchip\xc8\v3.00\pic\sources\c99\common\xxtofl.c estimated size: 436

C:\Program Files\Microchip\xc8\v3.00\pic\sources\c99\common\nf_fputs.c
		_fputs         		CODE           	2050	0000	60

C:\Program Files\Microchip\xc8\v3.00\pic\sources\c99\common\nf_fputs.c estimated size: 60

C:\Program Files\Microchip\xc8\v3.00\pic\sources\c99\common\lwdiv.c
		___lwdiv       		CODE           	1CDC	0000	116

C:\Program Files\Microchip\xc8\v3.00\pic\sources\c99\common\lwdiv.c estimated size: 116

C:\Program Files\Microchip\xc8\v3.00\pic\sources\c99\common\fltol.c
		___fltol       		CODE           	13C0	0000	262

C:\Program Files\Microchip\xc8\v3.00\pic\sources\c99\common\fltol.c estimated size: 262

DTH11.c
		_DHT11_GetTemperature		CODE           	15C8	0000	256
		_DHT11_Read    		CODE           	1FC0	0000	82

DTH11.c estimated size: 338

C:\Program Files\Microchip\xc8\v3.00\pic\sources\c99\common\doprnt.c
		_read_prec_or_width		CODE           	1A1A	0000	164
		_vfpfcnvrt     		CODE           	1268	0000	344
		_pad           		CODE           	1B52	0000	138
		_vfprintf      		CODE           	2012	0000	62
		_utoa          		CODE           	17BA	0000	220

C:\Program Files\Microchip\xc8\v3.00\pic\sources\c99\common\doprnt.c estimated size: 928

C:\Program Files\Microchip\xc8\v3.00\pic\sources\c99\common\sprcadd.c
		___fladd       		CODE           	086E	0000	1206

C:\Program Files\Microchip\xc8\v3.00\pic\sources\c99\common\sprcadd.c estimated size: 1206

LCD.c
		_LCD_String    		CODE           	1DB4	0000	94
		_LCD_Init      		CODE           	216E	0000	50
		_LCD_Command   		CODE           	1EC4	0000	84
		_LCD_String_xy 		CODE           	208C	0000	58
		_LCD_Char      		CODE           	1E70	0000	84
		_LCD_Clear     		CODE           	221C	0000	24

LCD.c estimated size: 394

