Microchip MPLAB XC8 Compiler V3.00

Linker command line:

-W-3 \
  --edf=C:\Program Files\Microchip\xc8\v3.00\pic\dat\20241204225717_en.msgs \
  -cn -h+dist/default/production\proyecto.X.production.sym \
  --cmf=dist/default/production\proyecto.X.production.cmf -z -Q18F4550 \
  -oC:\Users\milan\AppData\Local\Temp\xcAsedo.\driver_tmp_3.o \
  --defsym=__MPLAB_BUILD=1 --fixupoverflow=error \
  -Mdist/default/production/proyecto.X.production.map \
  --md=C:\Users\milan\AppData\Local\Temp\xcAsedo.\driver_tmp_0.dat -E1 \
  -ver=XC8 Compiler -ACODE=00h-07FFFh -ACONST=00h-07FFFh \
  -ASMALLCONST=0800h-08FFhx120 -AMEDIUMCONST=0800h-07FFFh -ACOMRAM=01h-05Fh \
  -AABS1=00h-07FFh -ABIGRAM=01h-07FFh -ARAM=060h-0FFh,0100h-01FFhx7 \
  -ABANK0=060h-0FFh -ABANK1=0100h-01FFh -ABANK2=0200h-02FFh \
  -ABANK3=0300h-03FFh -ABANK4=0400h-04FFh -ABANK5=0500h-05FFh \
  -ABANK6=0600h-06FFh -ABANK7=0700h-07FFh -ASFR=0F60h-0FFFh \
  -ABIGSFR=0F60h-0FFFh -ACONFIG=0300000h-030000Dh -AIDLOC=0200000h-0200007h \
  -AEEDATA=0F00000h-0F000FFh -peeprom_data=EEDATA \
  -preset_vec=00h,intcode=8h,intcodelo=18h,sivt_lo,sivt_hi=CODE \
  -ppowerup=CODE,init -pramtop=0800h -psmallconst=SMALLCONST \
  -pmediumconst=MEDIUMCONST -pconst=CONST -AFARRAM=00h-00h \
  -prdata=COMRAM,nvrram=COMRAM,nvbit=COMRAM,rbss=COMRAM,rbit=COMRAM \
  -pfarbss=FARRAM,fardata=FARRAM,nvFARRAM=FARRAM \
  -pintsave_regs=BIGRAM,bigbss=BIGRAM,bigdata=BIGRAM -pbss=RAM \
  -pidata=CODE,irdata=CODE,ibigdata=CODE,ifardata=CODE -prparam=COMRAM \
  C:\Users\milan\AppData\Local\Temp\xcAsedo.\driver_tmp_14.o \
  dist/default/production\proyecto.X.production.o 

Object code version is 3.11

Machine type is 18F4550



                Name                               Link     Load   Length Selector   Space Scale
C:\Users\milan\AppData\Local\Temp\xcAsedo.\driver_tmp_14.o
                idloc                            200000   200000        8        0       5
                config                           300000   300000        E        0       4
                init                               7FFC     7FFC        4     3FFE       0
                reset_vec                             0        0        4        0       0
dist/default/production\proyecto.X.production.o
                idloc                            200000   200000        8        0       5
                config                           300000   300000        E        0       4
                smallconst                          800      800       54      400       0
                text35                             120A     120A       A4      42A       0
                text34                             1418     1418       58      42A       0
                text33                             14C4     14C4       54      42A       0
                text32                             17B2     17B2       18      42A       0
                text31                             173E     173E       32      42A       0
                text30                             1470     1470       54      42A       0
                text29                             13BA     13BA       5E      42A       0
                text28                             1630     1630       3A      42A       0
                text27                             17CA     17CA       16      42A       0
                text26                             1770     1770       26      42A       0
                text25                             16A0     16A0       36      42A       0
                text24                             17FE     17FE        8      42A       0
                text23                             17F6     17F6        8      42A       0
                text22                             17EE     17EE        8      42A       0
                text21                             17E0     17E0        E      42A       0
                text20                              D0A      D0A       DA      42A       0
                text19                             1338     1338       82      42A       0
                text18                              EA8      EA8       C2      42A       0
                text17                              F6A      F6A       AE      42A       0
                text16                             166A     166A       36      42A       0
                text15                             1166     1166       A4      42A       0
                text14                             170A     170A       34      42A       0
                text13                             1806     1806        2      42A       0
                text12                             1018     1018       AA      42A       0
                text11                             15F4     15F4       3C      42A       0
                text10                             12AE     12AE       8A      42A       0
                text9                               854      854      164      42A       0
                text8                              10C2     10C2       A4      42A       0
                text7                               9B8      9B8      15A      42A       0
                text6                              15B6     15B6       3E      42A       0
                text5                              16D6     16D6       34      42A       0
                text4                               C12      C12       F8      42A       0
                text3                              1518     1518       52      42A       0
                text2                               B12      B12      100      42A       0
                text1                               DE4      DE4       C4      42A       0
                text0                              156A     156A       4C      42A       0
                cstackCOMRAM                          1        1       5B        1       1
                bssBANK0                             60       60       22       60       1
                bssCOMRAM                            5C       5C        3        1       1
                cinit                              1796     1796       1C      42A       0

TOTAL           Name                               Link     Load   Length     Space
        CLASS   CODE           
                init                               7FFC     7FFC        4         0
                reset_vec                             0        0        4         0
                text35                             120A     120A       A4         0
                text34                             1418     1418       58         0
                text33                             14C4     14C4       54         0
                text32                             17B2     17B2       18         0
                text31                             173E     173E       32         0
                text30                             1470     1470       54         0
                text29                             13BA     13BA       5E         0
                text28                             1630     1630       3A         0
                text27                             17CA     17CA       16         0
                text26                             1770     1770       26         0
                text25                             16A0     16A0       36         0
                text24                             17FE     17FE        8         0
                text23                             17F6     17F6        8         0
                text22                             17EE     17EE        8         0
                text21                             17E0     17E0        E         0
                text20                              D0A      D0A       DA         0
                text19                             1338     1338       82         0
                text18                              EA8      EA8       C2         0
                text17                              F6A      F6A       AE         0
                text16                             166A     166A       36         0
                text15                             1166     1166       A4         0
                text14                             170A     170A       34         0
                text13                             1806     1806        2         0
                text12                             1018     1018       AA         0
                text11                             15F4     15F4       3C         0
                text10                             12AE     12AE       8A         0
                text9                               854      854      164         0
                text8                              10C2     10C2       A4         0
                text7                               9B8      9B8      15A         0
                text6                              15B6     15B6       3E         0
                text5                              16D6     16D6       34         0
                text4                               C12      C12       F8         0
                text3                              1518     1518       52         0
                text2                               B12      B12      100         0
                text1                               DE4      DE4       C4         0
                text0                              156A     156A       4C         0
                cinit                              1796     1796       1C         0

        CLASS   CONST          

        CLASS   SMALLCONST     
                smallconst                          800      800       54         0

        CLASS   MEDIUMCONST    

        CLASS   COMRAM         
                cstackCOMRAM                          1        1       5B         1
                bssCOMRAM                            5C       5C        3         1

        CLASS   ABS1           

        CLASS   BIGRAM         

        CLASS   RAM            

        CLASS   BANK0          
                bssBANK0                             60       60       22         1

        CLASS   BANK1          

        CLASS   BANK2          

        CLASS   BANK3          

        CLASS   BANK4          

        CLASS   BANK5          

        CLASS   BANK6          

        CLASS   BANK7          

        CLASS   SFR            

        CLASS   BIGSFR         

        CLASS   CONFIG         
                config                           300000   300000        E         4

        CLASS   IDLOC          
                idloc                            200000   200000        8         5

        CLASS   EEDATA         

        CLASS   FARRAM         

        CLASS   HEAP           

        CLASS   STACK          



SEGMENTS        Name                           Load    Length   Top    Selector   Space  Class

                reset_vec                      000000  000004  000004         0       0  CODE    
                cstackCOMRAM                   000001  00005E  00005F         1       1  COMRAM  
                bssBANK0                       000060  000022  000082        60       1  BANK0   
                smallconst                     000800  000054  000854       400       0  SMALLCON
                text9                          000854  000FB4  001808       42A       0  CODE    
                init                           007FFC  000004  008000      3FFE       0  CODE    


UNUSED ADDRESS RANGES

        Name                Unused          Largest block    Delta
        BANK0            000082-0000FF               7E
        BANK1            000100-0001FF              100
        BANK2            000200-0002FF              100
        BANK3            000300-0003FF              100
        BANK4            000400-0004FF              100
        BANK5            000500-0005FF              100
        BANK6            000600-0006FF              100
        BANK7            000700-0007FF              100
        BIGRAM           00005F-00005F                1
                         000082-0007FF              77E
        BIGSFR           000F60-000FFF               A0
        CODE             000004-0007FF              7FC
                         001808-007FFB             67F4
        COMRAM           00005F-00005F                1
        CONST            000004-0007FF              7FC
                         001808-007FFB             67F4
        EEDATA           F00000-F000FF              100
        MEDIUMCONST      001808-007FFB             67F4
        RAM              000082-0007FF              100
        SFR              000F60-000FFF               A0
        SMALLCONST       001808-007FFB              100

                                  Symbol Table

?_I2C_Master_Read                 cstackCOMRAM 000002
?___awdiv                         cstackCOMRAM 000001
?___awmod                         cstackCOMRAM 000001
?___lldiv                         cstackCOMRAM 000001
?_abs                             cstackCOMRAM 000007
?_read_prec_or_width              cstackCOMRAM 000001
?_sprintf                         cstackCOMRAM 00002D
?_vfprintf                        cstackCOMRAM 000029
BCD2DEC@val                       cstackCOMRAM 000002
DEC2BCD@val                       cstackCOMRAM 00000B
DHT11_GetTemperature@data         cstackCOMRAM 000007
DHT11_GetTemperature@i            cstackCOMRAM 00000E
DHT11_GetTemperature@timeout      cstackCOMRAM 00000C
DHT11_Read@data                   cstackCOMRAM 000001
DHT11_Read@i                      cstackCOMRAM 000002
I2C_Master_Init@c                 cstackCOMRAM 00000E
I2C_Master_Read@a                 cstackCOMRAM 000002
I2C_Master_Read@temp              cstackCOMRAM 000004
I2C_Master_Write@d                cstackCOMRAM 00000C
LCD_Char@dat                      cstackCOMRAM 000002
LCD_Command@cmd                   cstackCOMRAM 000002
LCD_String@msg                    cstackCOMRAM 000003
LCD_String_xy@location            cstackCOMRAM 000009
LCD_String_xy@msg                 cstackCOMRAM 000006
LCD_String_xy@pos                 cstackCOMRAM 000005
LCD_String_xy@row                 cstackCOMRAM 000008
RTC_GetDateTime@day               cstackCOMRAM 000011
RTC_GetDateTime@hour              cstackCOMRAM 00000E
RTC_GetDateTime@min               cstackCOMRAM 00000F
RTC_GetDateTime@month             cstackCOMRAM 000012
RTC_GetDateTime@sec               cstackCOMRAM 000010
RTC_GetDateTime@year              cstackCOMRAM 000013
RTC_Init@sec                      cstackCOMRAM 00000F
RTC_SetDateTime@d                 cstackCOMRAM 000010
RTC_SetDateTime@h                 cstackCOMRAM 000014
RTC_SetDateTime@m                 cstackCOMRAM 00000E
RTC_SetDateTime@mo                cstackCOMRAM 000011
RTC_SetDateTime@s                 cstackCOMRAM 00000F
RTC_SetDateTime@y                 cstackCOMRAM 000012
_ACKDT                            (abs)        007E2D
_ACKEN                            (abs)        007E2C
_ACKSTAT                          (abs)        007E2E
_ADCON1                           (abs)        000FC1
_BCD2DEC                          text27       0017CA
_CMCON                            (abs)        000FB4
_DEC2BCD                          text16       00166A
_DHT11_GetTemperature             text2        000B12
_DHT11_Read                       text3        001518
_I2C_Master_Init                  text34       001418
_I2C_Master_Read                  text25       0016A0
_I2C_Master_RepeatedStart         text24       0017FE
_I2C_Master_Start                 text23       0017F6
_I2C_Master_Stop                  text22       0017EE
_I2C_Master_Wait                  text26       001770
_I2C_Master_Write                 text21       0017E0
_LATD                             (abs)        000F8C
_LATD0                            (abs)        007C60
_LATD2                            (abs)        007C62
_LCD_Char                         text30       001470
_LCD_Clear                        text32       0017B2
_LCD_Command                      text33       0014C4
_LCD_Init                         text31       00173E
_LCD_String                       text29       0013BA
_LCD_String_xy                    text28       001630
_OSCCON                           (abs)        000FD3
_OSCCONbits                       (abs)        000FD3
_PEN                              (abs)        007E2A
_PORTAbits                        (abs)        000F80
_RCEN                             (abs)        007E2B
_RSEN                             (abs)        007E29
_RTC_GetDateTime                  text20       000D0A
_RTC_Init                         text19       001338
_RTC_SetDateTime                  text15       001166
_SEN                              (abs)        007E28
_SSPADD                           (abs)        000FC8
_SSPBUF                           (abs)        000FC9
_SSPCON1                          (abs)        000FC6
_SSPCON2                          (abs)        000FC5
_SSPSTAT                          (abs)        000FC7
_TRISAbits                        (abs)        000F92
_TRISB0                           (abs)        007C98
_TRISB1                           (abs)        007C99
_TRISD                            (abs)        000F95
__HRAM                            (abs)        000000
__H__absolute__                   __absolute__ 000000
__Habs1                           abs1         000000
__Hbank0                          bank0        000000
__Hbank1                          bank1        000000
__Hbank2                          bank2        000000
__Hbank3                          bank3        000000
__Hbank4                          bank4        000000
__Hbank5                          bank5        000000
__Hbank6                          bank6        000000
__Hbank7                          bank7        000000
__Hbigbss                         bigbss       000000
__Hbigdata                        bigdata      000000
__Hbigram                         bigram       000000
__Hbigsfr                         bigsfr       000000
__Hbss                            bss          000000
__HbssBANK0                       bssBANK0     000000
__HbssCOMRAM                      bssCOMRAM    000000
__Hcinit                          cinit        000000
__Hclrtext                        clrtext      000000
__Hcomram                         comram       000000
__Hconfig                         config       30000E
__Hconst                          const        000000
__HcstackCOMRAM                   cstackCOMRAM 000000
__Hdata                           data         000000
__Heeprom_data                    eeprom_data  000000
__Hfarbss                         farbss       000000
__Hfardata                        fardata      000000
__Hheap                           heap         000000
__Hibigdata                       ibigdata     000000
__Hidata                          idata        000000
__Hidloc                          idloc        200008
__Hifardata                       ifardata     000000
__Hinit                           init         008000
__Hintcode                        intcode      000008
__Hintcode_body                   intcode_body 000000
__Hintcodelo                      intcodelo    000018
__Hintentry                       intentry     000000
__Hintret                         intret       000000
__Hintsave_regs                   intsave_regs 000000
__Hirdata                         irdata       000000
__Hmediumconst                    mediumconst  000000
__HnvFARRAM                       nvFARRAM     000000
__Hnvbit                          nvbit        000000
__Hnvrram                         nvrram       000000
__Hparam                          rparam       000000
__Hpowerup                        powerup      000000
__Hram                            ram          000000
__Hramtop                         ramtop       000800
__Hrbit                           rbit         000000
__Hrbss                           rbss         000000
__Hrdata                          rdata        000000
__Hreset_vec                      reset_vec    000004
__Hrparam                         rparam       000000
__Hsfr                            sfr          000000
__Hsivt_hi                        sivt_hi      000000
__Hsivt_lo                        sivt_lo      000018
__Hsmallconst                     smallconst   000854
__Hspace_0                        (abs)        008000
__Hspace_1                        (abs)        000082
__Hspace_2                        (abs)        000000
__Hspace_4                        (abs)        60000E
__Hstack                          stack        000000
__Hstruct                         struct       000000
__Htemp                           temp         000000
__Htext                           text         000000
__Htext0                          text0        000000
__Htext1                          text1        000000
__Htext10                         text10       000000
__Htext11                         text11       000000
__Htext12                         text12       000000
__Htext13                         text13       000000
__Htext14                         text14       000000
__Htext15                         text15       000000
__Htext16                         text16       000000
__Htext17                         text17       000000
__Htext18                         text18       000000
__Htext19                         text19       000000
__Htext2                          text2        000000
__Htext20                         text20       000000
__Htext21                         text21       000000
__Htext22                         text22       000000
__Htext23                         text23       000000
__Htext24                         text24       000000
__Htext25                         text25       000000
__Htext26                         text26       000000
__Htext27                         text27       000000
__Htext28                         text28       000000
__Htext29                         text29       000000
__Htext3                          text3        000000
__Htext30                         text30       000000
__Htext31                         text31       000000
__Htext32                         text32       000000
__Htext33                         text33       000000
__Htext34                         text34       000000
__Htext35                         text35       000000
__Htext4                          text4        000000
__Htext5                          text5        000000
__Htext6                          text6        000000
__Htext7                          text7        000000
__Htext8                          text8        000000
__Htext9                          text9        000000
__LRAM                            (abs)        000001
__L__absolute__                   __absolute__ 000000
__Labs1                           abs1         000000
__Lbank0                          bank0        000000
__Lbank1                          bank1        000000
__Lbank2                          bank2        000000
__Lbank3                          bank3        000000
__Lbank4                          bank4        000000
__Lbank5                          bank5        000000
__Lbank6                          bank6        000000
__Lbank7                          bank7        000000
__Lbigbss                         bigbss       000000
__Lbigdata                        bigdata      000000
__Lbigram                         bigram       000000
__Lbigsfr                         bigsfr       000000
__Lbss                            bss          000000
__LbssBANK0                       bssBANK0     000000
__LbssCOMRAM                      bssCOMRAM    000000
__Lcinit                          cinit        000000
__Lclrtext                        clrtext      000000
__Lcomram                         comram       000000
__Lconfig                         config       000000
__Lconst                          const        000000
__LcstackCOMRAM                   cstackCOMRAM 000000
__Ldata                           data         000000
__Leeprom_data                    eeprom_data  000000
__Lfarbss                         farbss       000000
__Lfardata                        fardata      000000
__Lheap                           heap         000000
__Libigdata                       ibigdata     000000
__Lidata                          idata        000000
__Lidloc                          idloc        000000
__Lifardata                       ifardata     000000
__Linit                           init         007FFC
__Lintcode                        intcode      000008
__Lintcode_body                   intcode_body 000000
__Lintcodelo                      intcodelo    000018
__Lintentry                       intentry     000000
__Lintret                         intret       000000
__Lintsave_regs                   intsave_regs 000000
__Lirdata                         irdata       000000
__Lmediumconst                    mediumconst  000000
__LnvFARRAM                       nvFARRAM     000000
__Lnvbit                          nvbit        000000
__Lnvrram                         nvrram       000000
__Lparam                          rparam       000000
__Lpowerup                        powerup      000000
__Lram                            ram          000000
__Lramtop                         ramtop       000800
__Lrbit                           rbit         000000
__Lrbss                           rbss         000000
__Lrdata                          rdata        000000
__Lreset_vec                      reset_vec    000000
__Lrparam                         rparam       000000
__Lsfr                            sfr          000000
__Lsivt_hi                        sivt_hi      000000
__Lsivt_lo                        sivt_lo      000018
__Lsmallconst                     smallconst   000800
__Lspace_0                        (abs)        000000
__Lspace_1                        (abs)        000000
__Lspace_2                        (abs)        000000
__Lspace_4                        (abs)        000000
__Lstack                          stack        000000
__Lstruct                         struct       000000
__Ltemp                           temp         000000
__Ltext                           text         000000
__Ltext0                          text0        000000
__Ltext1                          text1        000000
__Ltext10                         text10       000000
__Ltext11                         text11       000000
__Ltext12                         text12       000000
__Ltext13                         text13       000000
__Ltext14                         text14       000000
__Ltext15                         text15       000000
__Ltext16                         text16       000000
__Ltext17                         text17       000000
__Ltext18                         text18       000000
__Ltext19                         text19       000000
__Ltext2                          text2        000000
__Ltext20                         text20       000000
__Ltext21                         text21       000000
__Ltext22                         text22       000000
__Ltext23                         text23       000000
__Ltext24                         text24       000000
__Ltext25                         text25       000000
__Ltext26                         text26       000000
__Ltext27                         text27       000000
__Ltext28                         text28       000000
__Ltext29                         text29       000000
__Ltext3                          text3        000000
__Ltext30                         text30       000000
__Ltext31                         text31       000000
__Ltext32                         text32       000000
__Ltext33                         text33       000000
__Ltext34                         text34       000000
__Ltext35                         text35       000000
__Ltext4                          text4        000000
__Ltext5                          text5        000000
__Ltext6                          text6        000000
__Ltext7                          text7        000000
__Ltext8                          text8        000000
__Ltext9                          text9        000000
__S0                              (abs)        008000
__S1                              (abs)        000082
__S4                              (abs)        000000
__S5                              (abs)        000000
___awdiv                          text18       000EA8
___awdiv@counter                  cstackCOMRAM 000005
___awdiv@dividend                 cstackCOMRAM 000001
___awdiv@divisor                  cstackCOMRAM 000003
___awdiv@quotient                 cstackCOMRAM 000007
___awdiv@sign                     cstackCOMRAM 000006
___awmod                          text17       000F6A
___awmod@counter                  cstackCOMRAM 000005
___awmod@dividend                 cstackCOMRAM 000001
___awmod@divisor                  cstackCOMRAM 000003
___awmod@sign                     cstackCOMRAM 000006
___heap_hi                        (abs)        000000
___heap_lo                        (abs)        000000
___inthi_sp                       stack        000000
___inthi_stack_hi                 stack        000000
___inthi_stack_lo                 stack        000000
___intlo_sp                       stack        000000
___intlo_stack_hi                 stack        000000
___intlo_stack_lo                 stack        000000
___lldiv                          text35       00120A
___lldiv@counter                  cstackCOMRAM 00000D
___lldiv@dividend                 cstackCOMRAM 000001
___lldiv@divisor                  cstackCOMRAM 000005
___lldiv@quotient                 cstackCOMRAM 000009
___param_bank                     (abs)        000000
___rparam_used                    (abs)        000001
___sp                             stack        000000
___stack_hi                       stack        000000
___stack_lo                       stack        000000
__accesstop                       (abs)        000060
__activetblptr                    (abs)        000002
__end_of_BCD2DEC                  text27       0017E0
__end_of_DEC2BCD                  text16       0016A0
__end_of_DHT11_GetTemperature     text2        000C12
__end_of_DHT11_Read               text3        00156A
__end_of_I2C_Master_Init          text34       001470
__end_of_I2C_Master_Read          text25       0016D6
__end_of_I2C_Master_RepeatedStart text24       001806
__end_of_I2C_Master_Start         text23       0017FE
__end_of_I2C_Master_Stop          text22       0017F6
__end_of_I2C_Master_Wait          text26       001796
__end_of_I2C_Master_Write         text21       0017EE
__end_of_LCD_Char                 text30       0014C4
__end_of_LCD_Clear                text32       0017CA
__end_of_LCD_Command              text33       001518
__end_of_LCD_Init                 text31       001770
__end_of_LCD_String               text29       001418
__end_of_LCD_String_xy            text28       00166A
__end_of_RTC_GetDateTime          text20       000DE4
__end_of_RTC_Init                 text19       0013BA
__end_of_RTC_SetDateTime          text15       00120A
__end_of___awdiv                  text18       000F6A
__end_of___awmod                  text17       001018
__end_of___lldiv                  text35       0012AE
__end_of__initialization          cinit        0017A8
__end_of_abs                      text14       00173E
__end_of_dtoa                     text9        0009B8
__end_of_fputc                    text12       0010C2
__end_of_fputs                    text11       001630
__end_of_main                     text0        0015B6
__end_of_mostrar_rtc              text4        000D0A
__end_of_mostrar_temperatura      text1        000EA8
__end_of_pad                      text10       001338
__end_of_putch                    text13       001808
__end_of_read_prec_or_width       text8        001166
__end_of_sprintf                  text5        00170A
__end_of_vfpfcnvrt                text7        000B12
__end_of_vfprintf                 text6        0015F4
__initialization                  cinit        001796
__mediumconst                     smallconst   000800
__pbssBANK0                       bssBANK0     000060
__pbssCOMRAM                      bssCOMRAM    00005C
__pcinit                          cinit        001796
__pcstackCOMRAM                   cstackCOMRAM 000001
__psmallconst                     smallconst   000800
__ptext0                          text0        00156A
__ptext1                          text1        000DE4
__ptext10                         text10       0012AE
__ptext11                         text11       0015F4
__ptext12                         text12       001018
__ptext13                         text13       001806
__ptext14                         text14       00170A
__ptext15                         text15       001166
__ptext16                         text16       00166A
__ptext17                         text17       000F6A
__ptext18                         text18       000EA8
__ptext19                         text19       001338
__ptext2                          text2        000B12
__ptext20                         text20       000D0A
__ptext21                         text21       0017E0
__ptext22                         text22       0017EE
__ptext23                         text23       0017F6
__ptext24                         text24       0017FE
__ptext25                         text25       0016A0
__ptext26                         text26       001770
__ptext27                         text27       0017CA
__ptext28                         text28       001630
__ptext29                         text29       0013BA
__ptext3                          text3        001518
__ptext30                         text30       001470
__ptext31                         text31       00173E
__ptext32                         text32       0017B2
__ptext33                         text33       0014C4
__ptext34                         text34       001418
__ptext35                         text35       00120A
__ptext4                          text4        000C12
__ptext5                          text5        0016D6
__ptext6                          text6        0015B6
__ptext7                          text7        0009B8
__ptext8                          text8        0010C2
__ptext9                          text9        000854
__ramtop                          ramtop       000800
__smallconst                      smallconst   000800
_abs                              text14       00170A
_dbuf                             bssBANK0     000062
_dtoa                             text9        000854
_dtoa$863                         cstackCOMRAM 000018
_flags                            bssCOMRAM    00005E
_fputc                            text12       001018
_fputs                            text11       0015F4
_main                             text0        00156A
_mostrar_rtc                      text4        000C12
_mostrar_temperatura              text1        000DE4
_pad                              text10       0012AE
_prec                             bssBANK0     000060
_putch                            text13       001806
_read_prec_or_width               text8        0010C2
_sprintf                          text5        0016D6
_vfpfcnvrt                        text7        0009B8
_vfprintf                         text6        0015B6
_width                            bssCOMRAM    00005C
abs@a                             cstackCOMRAM 000007
dtoa@d                            cstackCOMRAM 000016
dtoa@fp                           cstackCOMRAM 000015
dtoa@i                            cstackCOMRAM 00001E
dtoa@p                            cstackCOMRAM 00001A
dtoa@s                            cstackCOMRAM 00001D
dtoa@w                            cstackCOMRAM 00001B
end_of_initialization             cinit        0017A8
fputc@c                           cstackCOMRAM 000001
fputc@fp                          cstackCOMRAM 000003
fputs@c                           cstackCOMRAM 00000B
fputs@fp                          cstackCOMRAM 00000A
fputs@i                           cstackCOMRAM 00000C
fputs@s                           cstackCOMRAM 000009
intlevel0                         text         000000
intlevel1                         text         000000
intlevel2                         text         000000
intlevel3                         text         000000
isa$std                           (abs)        000001
isa$xinst                         (abs)        000000
mostrar_rtc@buffer                cstackCOMRAM 000043
mostrar_rtc@d                     cstackCOMRAM 000057
mostrar_rtc@h                     cstackCOMRAM 000054
mostrar_rtc@m                     cstackCOMRAM 000055
mostrar_rtc@mo                    cstackCOMRAM 000058
mostrar_rtc@s                     cstackCOMRAM 000056
mostrar_rtc@y                     cstackCOMRAM 000059
mostrar_temperatura@buffer        cstackCOMRAM 000011
mostrar_temperatura@temp          cstackCOMRAM 000017
pad@buf                           cstackCOMRAM 00000F
pad@fp                            cstackCOMRAM 00000E
pad@i                             cstackCOMRAM 000013
pad@p                             cstackCOMRAM 000010
read_prec_or_width@ap             cstackCOMRAM 000002
read_prec_or_width@c              cstackCOMRAM 000005
read_prec_or_width@fmt            cstackCOMRAM 000001
read_prec_or_width@n              cstackCOMRAM 000006
sprintf@ap                        cstackCOMRAM 000035
sprintf@f                         cstackCOMRAM 000036
sprintf@fmt                       cstackCOMRAM 00002E
sprintf@s                         cstackCOMRAM 00002D
stackhi                           (abs)        000000
stacklo                           (abs)        000000
start                             init         007FFC
start_initialization              cinit        001796
vfpfcnvrt@ap                      cstackCOMRAM 000022
vfpfcnvrt@convarg                 cstackCOMRAM 000023
vfpfcnvrt@cp                      cstackCOMRAM 000028
vfpfcnvrt@done                    cstackCOMRAM 000027
vfpfcnvrt@fmt                     cstackCOMRAM 000021
vfpfcnvrt@fp                      cstackCOMRAM 000020
vfprintf@ap                       cstackCOMRAM 00002B
vfprintf@cfmt                     cstackCOMRAM 00002C
vfprintf@fmt                      cstackCOMRAM 00002A
vfprintf@fp                       cstackCOMRAM 000029


MODULE INFORMATION

Module		Function		Class		Link	Load	Size
C:\Program Files\Microchip\xc8\v3.00\pic\sources\c99\common\abs.c
		_abs           		CODE           	170A	0000	52

C:\Program Files\Microchip\xc8\v3.00\pic\sources\c99\common\abs.c estimated size: 52

C:\Program Files\Microchip\xc8\v3.00\pic\sources\c99\common\nf_fputc.c
		_fputc         		CODE           	1018	0000	170

C:\Program Files\Microchip\xc8\v3.00\pic\sources\c99\common\nf_fputc.c estimated size: 170

C:\Program Files\Microchip\xc8\v3.00\pic\sources\c99\common\nf_sprintf.c
		_sprintf       		CODE           	16D6	0000	52

C:\Program Files\Microchip\xc8\v3.00\pic\sources\c99\common\nf_sprintf.c estimated size: 52

i2c.c
		_I2C_Master_Read		CODE           	16A0	0000	54
		_I2C_Master_Wait		CODE           	1770	0000	38
		_I2C_Master_Init		CODE           	1418	0000	88
		_I2C_Master_Stop		CODE           	17EE	0000	8
		_I2C_Master_RepeatedStart		CODE           	17FE	0000	8
		_I2C_Master_Write		CODE           	17E0	0000	14
		_I2C_Master_Start		CODE           	17F6	0000	8

i2c.c estimated size: 218

ds1307.c
		_RTC_GetDateTime		CODE           	0D0A	0000	218
		_RTC_SetDateTime		CODE           	1166	0000	164
		_RTC_Init      		CODE           	1338	0000	130
		_DEC2BCD       		CODE           	166A	0000	54
		_BCD2DEC       		CODE           	17CA	0000	22

ds1307.c estimated size: 588

C:\Program Files\Microchip\xc8\v3.00\pic\sources\c99\common\awmod.c
		___awmod       		CODE           	0F6A	0000	174

C:\Program Files\Microchip\xc8\v3.00\pic\sources\c99\common\awmod.c estimated size: 174

C:\Program Files\Microchip\xc8\v3.00\pic\sources\c99\common\putch.c
		_putch         		CODE           	1806	0000	2

C:\Program Files\Microchip\xc8\v3.00\pic\sources\c99\common\putch.c estimated size: 2

DHT11.c
		_DHT11_GetTemperature		CODE           	0B12	0000	256
		_DHT11_Read    		CODE           	1518	0000	82

DHT11.c estimated size: 338

C:\Program Files\Microchip\xc8\v3.00\pic\sources\c99\common\__lldiv.c
		___lldiv       		CODE           	120A	0000	164

C:\Program Files\Microchip\xc8\v3.00\pic\sources\c99\common\__lldiv.c estimated size: 164

shared
		__initialization		CODE           	1796	0000	18

shared estimated size: 18

C:\Program Files\Microchip\xc8\v3.00\pic\sources\c99\common\nf_fputs.c
		_fputs         		CODE           	15F4	0000	60

C:\Program Files\Microchip\xc8\v3.00\pic\sources\c99\common\nf_fputs.c estimated size: 60

C:\Program Files\Microchip\xc8\v3.00\pic\sources\c99\common\awdiv.c
		___awdiv       		CODE           	0EA8	0000	194

C:\Program Files\Microchip\xc8\v3.00\pic\sources\c99\common\awdiv.c estimated size: 194

main.c
		_mostrar_temperatura		CODE           	0DE4	0000	196
		_main          		CODE           	156A	0000	76
		_mostrar_rtc   		CODE           	0C12	0000	248

main.c estimated size: 520

C:\Program Files\Microchip\xc8\v3.00\pic\sources\c99\common\doprnt.c
		_read_prec_or_width		CODE           	10C2	0000	164
		_vfpfcnvrt     		CODE           	09B8	0000	346
		_pad           		CODE           	12AE	0000	138
		_dtoa          		CODE           	0854	0000	356
		_vfprintf      		CODE           	15B6	0000	62

C:\Program Files\Microchip\xc8\v3.00\pic\sources\c99\common\doprnt.c estimated size: 1066

LCD.c
		_LCD_String    		CODE           	13BA	0000	94
		_LCD_Init      		CODE           	173E	0000	50
		_LCD_Command   		CODE           	14C4	0000	84
		_LCD_String_xy 		CODE           	1630	0000	58
		_LCD_Char      		CODE           	1470	0000	84
		_LCD_Clear     		CODE           	17B2	0000	24

LCD.c estimated size: 394

